Unity Editor version:    6000.3.10f1 (e35f0c77bd8e)
Branch:                  6000.3/staging
Build type:              Release
Batch mode:              YES
macOS version:           Version 26.4.1 (Build 25E253)
Darwin version:          25.4.0
Architecture:            arm64
Running under Rosetta:   NO
Available memory:        24576 MB
Date:                    2026-05-20T11:21:32Z
[Licensing::Module] Trying to connect to existing licensing client channel...
[Licensing::IpcConnector] Channel LicenseClient-koren doesn't exist
Launching external process: /Applications/Unity/Hub/Editor/6000.3.10f1/Unity.app/Contents/Helpers/UnityLicensingClient.app/Contents/MacOS/Unity.Licensing.Client
[Licensing::Module] Successfully launched the LicensingClient (PId: 76858)
Launching external process: /Applications/Unity/Hub/Editor/6000.3.10f1/Unity.app/Contents/Resources/PackageManager/Server/UnityPackageManager

COMMAND LINE ARGUMENTS:
/Applications/Unity/Hub/Editor/6000.3.10f1/Unity.app/Contents/MacOS/Unity
-batchmode
-nographics
-quit
-projectPath
/Users/koren/Documents/KorenResourcePack/KorenResourcePack-Unity
-executeMethod
CreateAssetBundle.BuildAllAssetBundles
-logFile
/Users/koren/Documents/KorenResourcePack/.unity-build.log
Successfully changed project path to: /Users/koren/Documents/KorenResourcePack/KorenResourcePack-Unity
/Users/koren/Documents/KorenResourcePack/KorenResourcePack-Unity
[UnityMemory] Configuration Parameters - Can be set up in boot.config
    "memorysetup-allocator-temp-initial-block-size-main=262144"
    "memorysetup-allocator-temp-initial-block-size-worker=262144"
    "memorysetup-temp-allocator-size-background-worker=32768"
    "memorysetup-temp-allocator-size-job-worker=262144"
    "memorysetup-temp-allocator-size-preload-manager=33554432"
    "memorysetup-temp-allocator-size-nav-mesh-worker=65536"
    "memorysetup-temp-allocator-size-audio-worker=65536"
    "memorysetup-temp-allocator-size-cloud-worker=32768"
    "memorysetup-bucket-allocator-granularity=16"
    "memorysetup-bucket-allocator-bucket-count=8"
    "memorysetup-bucket-allocator-block-size=33554432"
    "memorysetup-bucket-allocator-block-count=8"
    "memorysetup-main-allocator-block-size=16777216"
    "memorysetup-thread-allocator-block-size=16777216"
    "memorysetup-gfx-main-allocator-block-size=16777216"
    "memorysetup-gfx-thread-allocator-block-size=16777216"
    "memorysetup-cache-allocator-block-size=4194304"
    "memorysetup-typetree-allocator-block-size=2097152"
    "memorysetup-profiler-bucket-allocator-granularity=16"
    "memorysetup-profiler-bucket-allocator-bucket-count=8"
    "memorysetup-profiler-bucket-allocator-block-size=33554432"
    "memorysetup-profiler-bucket-allocator-block-count=8"
    "memorysetup-profiler-allocator-block-size=16777216"
    "memorysetup-profiler-editor-allocator-block-size=1048576"
    "memorysetup-temp-allocator-size-main=16777216"
    "memorysetup-job-temp-allocator-block-size=2097152"
    "memorysetup-job-temp-allocator-block-size-background=1048576"
    "memorysetup-job-temp-allocator-reduction-small-platforms=262144"
    "memorysetup-temp-allocator-size-gi-baking-worker=262144"
    "memorysetup-temp-allocator-size-gi-baking-worker=262144"
    "memorysetup-temp-allocator-size-gi-baking-worker=262144"
    "memorysetup-temp-allocator-size-gi-baking-worker=262144"
    "memorysetup-temp-allocator-size-gi-baking-worker=262144"
    "memorysetup-temp-allocator-size-gfx=262144"
Player connection [8305334464]  Target information:

Player connection [8305334464]  * "[IP] 10.206.191.239 [Port] 55504 [Flags] 2 [Guid] 3779901570 [EditorId] 3779901570 [Version] 1048832 [Id] OSXEditor(0,Korens-MacBook-Pro.local) [Debug] 1 [PackageName] OSXEditor [ProjectName] Editor" 

Player connection [8305334464]  * "[IP] 192.168.0.4 [Port] 55504 [Flags] 2 [Guid] 3779901570 [EditorId] 3779901570 [Version] 1048832 [Id] OSXEditor(0,Korens-MacBook-Pro.local) [Debug] 1 [PackageName] OSXEditor [ProjectName] Editor" 

Player connection [8305334464]  * "[IP] 192.168.0.10 [Port] 55504 [Flags] 2 [Guid] 3779901570 [EditorId] 3779901570 [Version] 1048832 [Id] OSXEditor(0,Korens-MacBook-Pro.local) [Debug] 1 [PackageName] OSXEditor [ProjectName] Editor" 

Player connection [8305334464] Host joined multi-casting on [225.0.0.222:54997]...
Player connection [8305334464] Host joined alternative multi-casting on [225.0.0.222:34997]...
Input System module state changed to: Initialized.
[Physics::Module] Initialized fallback backend.
[Physics::Module] Id: 0xdecafbad
[Package Manager] Connected to IPC stream "Upm-76845" after 0.2 seconds.
[Licensing::Module] Licensing is not yet initialized.
[Licensing::IpcConnector] Successfully connected to: "LicenseClient-koren" at "2026-05-20T11:21:32.899967Z"
[Licensing::Client] Handshaking with LicensingClient:
  Version:                 1.17.4+4293ba1
  Session Id:              9f441e71931247ff8951d7911b33b66e
  Correlation Id:          7a121065bfb7791aacd5d2bd9bf9060c
  External correlation Id: 7038497245832981780
  Machine Id:              BZCkYim/68Qdxu2C8FE0uK2acCg=
[Licensing::Module] Successfully connected to LicensingClient on channel: "LicenseClient-koren" (connect: 0.58s, validation: 0.02s, handshake: 0.24s)
[Licensing::IpcConnector] Successfully connected to: "LicenseClient-koren-notifications" at "2026-05-20T11:21:33.162321Z"
[Licensing::Module] Connected to LicensingClient (PId: 76858, launch time: 0.00, total connection time: 0.84s)
[Licensing::Module] Error: Access token is unavailable; failed to update
[Licensing::Client] Successfully resolved entitlement details
[Licensing::Module] License group:
  Id: 3574078385837-UnityPersXXXX
  Product: Unity Personal
  Type: Assigned
  Expiration: Unlimited
[Licensing::Client] Successfully updated license, isAsync: True, time: 0.00
[Licensing::Client] Successfully resolved entitlement details
[Licensing::Module] Licensing Background thread has ended after 0.85s
[Licensing::Module] Licensing is initialized (took 0.55s).
[Licensing::Client] Successfully resolved entitlement details
Library Redirect Path: Library/
[Physics::Module] Selected backend.
[Physics::Module] Name: PhysX
[Physics::Module] Id: 0xf2b8ea05
[Physics::Module] SDK Version: 4.1.2
[Physics::Module] Integration Version: 1.0.0
[Physics::Module] Threading Mode: Multi-Threaded
Artifact Garbage Collection - Removed 3 unused hashed content files
Refreshing native plugins compatible for Editor in 0.00 ms, found 0 plugins.
Preloading 0 native plugins for Editor in 0.00 ms.
Initialize engine version: 6000.3.10f1 (e35f0c77bd8e)
[Subsystems] Discovering subsystems at path /Applications/Unity/Hub/Editor/6000.3.10f1/Unity.app/Contents/Resources/UnitySubsystems
[Subsystems] Discovering subsystems at path /Users/koren/Documents/KorenResourcePack/KorenResourcePack-Unity/Assets
Forcing GfxDevice: Null
GfxDevice: creating device client; kGfxThreadingModeNonThreaded
NullGfxDevice:
    Version:  NULL 1.0 [1.0]
    Renderer: Null Device
    Vendor:   Unity Technologies
Initialize mono
Mono path[0] = '/Applications/Unity/Hub/Editor/6000.3.10f1/Unity.app/Contents/Resources/Scripting/Managed'
Mono path[1] = '/Applications/Unity/Hub/Editor/6000.3.10f1/Unity.app/Contents/Resources/Scripting/MonoBleedingEdge/lib/mono/unityjit-macos'
Mono config path = '/Applications/Unity/Hub/Editor/6000.3.10f1/Unity.app/Contents/Resources/Scripting/MonoBleedingEdge/etc'
Using monoOptions --debugger-agent=transport=dt_socket,embedding=1,server=y,suspend=n,address=127.0.0.1:56845
Using cacheserver namespaces - metadata:defaultmetadata, artifacts:defaultartifacts
Using cacheserver namespaces - metadata:defaultmetadata, artifacts:defaultartifacts
ImportWorker Server TCP listen port: 0
AcceleratorClientConnectionCallback - disconnected - :0
Begin MonoManager ReloadAssembly
Registering precompiled unity dll's ...
Register platform support module: /Applications/Unity/Hub/Editor/6000.3.10f1/PlaybackEngines/WebGLSupport/UnityEditor.WebGL.Extensions.dll
Register platform support module: /Applications/Unity/Hub/Editor/6000.3.10f1/Unity.app/Contents/PlaybackEngines/MacStandaloneSupport/UnityEditor.OSXStandalone.Extensions.dll
Register platform support module: /Applications/Unity/Hub/Editor/6000.3.10f1/PlaybackEngines/WindowsStandaloneSupport/UnityEditor.WindowsStandalone.Extensions.dll
Register platform support module: /Applications/Unity/Hub/Editor/6000.3.10f1/PlaybackEngines/LinuxStandaloneSupport/UnityEditor.LinuxStandalone.Extensions.dll
Registered in 0.002424 seconds.
- Loaded All Assemblies, in  0.277 seconds
Native extension for LinuxStandalone target not found
Native extension for WindowsStandalone target not found
Native extension for OSXStandalone target not found
Native extension for WebGL target not found
Package Manager log level set to [2]
[Licensing::Client] Successfully resolved entitlement details
ScheduleIndexationOnStartup MainProcess:False IndexOnStartup:True
Mono: successfully reloaded assembly
- Finished resetting the current domain, in  0.655 seconds
Domain Reload Profiling: 933ms
	BeginReloadAssembly (104ms)
		ExecutionOrderSort (0ms)
		DisableScriptedObjects (0ms)
		BackupInstance (0ms)
		ReleaseScriptingObjects (0ms)
		CreateAndSetChildDomain (5ms)
	RebuildCommonClasses (24ms)
	RebuildNativeTypeToScriptingClass (7ms)
	initialDomainReloadingComplete (28ms)
	LoadAllAssembliesAndSetupDomain (114ms)
		LoadAssemblies (101ms)
		RebuildTransferFunctionScriptingTraits (0ms)
		AnalyzeDomain (110ms)
			TypeCache.Refresh (109ms)
				TypeCache.ScanAssembly (99ms)
			BuildScriptInfoCaches (0ms)
			ResolveRequiredComponents (0ms)
	FinalizeReload (655ms)
		ReleaseScriptCaches (0ms)
		RebuildScriptCaches (0ms)
		SetupLoadedEditorAssemblies (632ms)
			LogAssemblyErrors (0ms)
			InitializePlatformSupportModulesInManaged (49ms)
			SetLoadedEditorAssemblies (2ms)
			BeforeProcessingInitializeOnLoad (56ms)
			ProcessInitializeOnLoadAttributes (74ms)
			ProcessInitializeOnLoadMethodAttributes (450ms)
			AfterProcessingInitializeOnLoad (0ms)
			EditorAssembliesLoaded (0ms)
		ExecutionOrderSort2 (0ms)
		AwakeInstancesAfterBackupRestoration (0ms)
[Licensing::Client] Successfully resolved entitlement details
Application.AssetDatabase Initial Refresh Start
[Package Manager] Restoring resolved packages state from cache
[Package Manager] Registered 12 packages:
  Built-in packages:
    com.unity.ugui@2.0.0 (location: /Users/koren/Documents/KorenResourcePack/KorenResourcePack-Unity/Library/PackageCache/com.unity.ugui@bb329a87fcdc)
    com.unity.modules.adaptiveperformance@1.0.0 (location: /Users/koren/Documents/KorenResourcePack/KorenResourcePack-Unity/Library/PackageCache/com.unity.modules.adaptiveperformance)
    com.unity.modules.assetbundle@1.0.0 (location: /Users/koren/Documents/KorenResourcePack/KorenResourcePack-Unity/Library/PackageCache/com.unity.modules.assetbundle)
    com.unity.modules.imageconversion@1.0.0 (location: /Users/koren/Documents/KorenResourcePack/KorenResourcePack-Unity/Library/PackageCache/com.unity.modules.imageconversion)
    com.unity.modules.jsonserialize@1.0.0 (location: /Users/koren/Documents/KorenResourcePack/KorenResourcePack-Unity/Library/PackageCache/com.unity.modules.jsonserialize)
    com.unity.modules.physics@1.0.0 (location: /Users/koren/Documents/KorenResourcePack/KorenResourcePack-Unity/Library/PackageCache/com.unity.modules.physics)
    com.unity.modules.ui@1.0.0 (location: /Users/koren/Documents/KorenResourcePack/KorenResourcePack-Unity/Library/PackageCache/com.unity.modules.ui)
    com.unity.modules.uielements@1.0.0 (location: /Users/koren/Documents/KorenResourcePack/KorenResourcePack-Unity/Library/PackageCache/com.unity.modules.uielements)
    com.unity.modules.vectorgraphics@1.0.0 (location: /Users/koren/Documents/KorenResourcePack/KorenResourcePack-Unity/Library/PackageCache/com.unity.modules.vectorgraphics)
    com.unity.modules.imgui@1.0.0 (location: /Users/koren/Documents/KorenResourcePack/KorenResourcePack-Unity/Library/PackageCache/com.unity.modules.imgui)
    com.unity.modules.hierarchycore@1.0.0 (location: /Users/koren/Documents/KorenResourcePack/KorenResourcePack-Unity/Library/PackageCache/com.unity.modules.hierarchycore)
    com.unity.modules.subsystems@1.0.0 (location: /Users/koren/Documents/KorenResourcePack/KorenResourcePack-Unity/Library/PackageCache/com.unity.modules.subsystems)
[Subsystems] No new subsystems found in resolved package list.
[Package Manager] Done registering packages in 0.00 seconds
[40m[32minfo[39m[22m[49m: Microsoft.Hosting.Lifetime[14]
      Now listening on: http://unix:/tmp/ilpp.sock-8fbb194a70f2a3de9177aa073f38f919
[40m[32minfo[39m[22m[49m: Microsoft.Hosting.Lifetime[0]
      Application started. Press Ctrl+C to shut down.
[40m[32minfo[39m[22m[49m: Microsoft.Hosting.Lifetime[0]
      Hosting environment: Production
[40m[32minfo[39m[22m[49m: Microsoft.Hosting.Lifetime[0]
      Content root path: /Users/koren/Documents/KorenResourcePack/KorenResourcePack-Unity/
[40m[32minfo[39m[22m[49m: Microsoft.AspNetCore.Hosting.Diagnostics[1]
      Request starting HTTP/2 POST http://ilpp/UnityILPP.PostProcessing/Ping application/grpc -
[40m[32minfo[39m[22m[49m: Microsoft.AspNetCore.Routing.EndpointMiddleware[0]
      Executing endpoint 'gRPC - /UnityILPP.PostProcessing/Ping'
[40m[32minfo[39m[22m[49m: Microsoft.AspNetCore.Routing.EndpointMiddleware[1]
      Executed endpoint 'gRPC - /UnityILPP.PostProcessing/Ping'
[40m[32minfo[39m[22m[49m: Microsoft.AspNetCore.Hosting.Diagnostics[2]
      Request finished HTTP/2 POST http://ilpp/UnityILPP.PostProcessing/Ping application/grpc - - 200 - application/grpc 32.7434ms
Starting: /Applications/Unity/Hub/Editor/6000.3.10f1/Unity.app/Contents/Resources/BuildPipeline/bee_backend --ipc --defer-dag-verification --dagfile="Library/Bee/200b0aE.dag" --continue-on-failure --profile="Library/Bee/backend1.traceevents" ScriptAssemblies
WorkingDir: /Users/koren/Documents/KorenResourcePack/KorenResourcePack-Unity
DisplayProgressbar: Compiling Scripts
ExitCode: 0 Duration: 0s45ms
*** Tundra build success (0.02 seconds), 0 items updated, 206 evaluated
AssetDatabase: script compilation time: 0.497165s
Begin MonoManager ReloadAssembly
- Loaded All Assemblies, in  0.243 seconds
Refreshing native plugins compatible for Editor in 0.00 ms, found 0 plugins.
Native extension for LinuxStandalone target not found
Native extension for WindowsStandalone target not found
Native extension for OSXStandalone target not found
Native extension for WebGL target not found
ScheduleIndexationOnStartup MainProcess:True IndexOnStartup:True
Mono: successfully reloaded assembly
- Finished resetting the current domain, in  0.227 seconds
Domain Reload Profiling: 471ms
	BeginReloadAssembly (195ms)
		ExecutionOrderSort (0ms)
		DisableScriptedObjects (5ms)
		BackupInstance (0ms)
		ReleaseScriptingObjects (0ms)
		CreateAndSetChildDomain (140ms)
	RebuildCommonClasses (19ms)
	RebuildNativeTypeToScriptingClass (7ms)
	initialDomainReloadingComplete (8ms)
	LoadAllAssembliesAndSetupDomain (14ms)
		LoadAssemblies (41ms)
		RebuildTransferFunctionScriptingTraits (0ms)
		AnalyzeDomain (9ms)
			TypeCache.Refresh (6ms)
				TypeCache.ScanAssembly (3ms)
			BuildScriptInfoCaches (1ms)
			ResolveRequiredComponents (1ms)
	FinalizeReload (227ms)
		ReleaseScriptCaches (0ms)
		RebuildScriptCaches (0ms)
		SetupLoadedEditorAssemblies (164ms)
			LogAssemblyErrors (0ms)
			InitializePlatformSupportModulesInManaged (19ms)
			SetLoadedEditorAssemblies (2ms)
			BeforeProcessingInitializeOnLoad (67ms)
			ProcessInitializeOnLoadAttributes (59ms)
			ProcessInitializeOnLoadMethodAttributes (16ms)
			AfterProcessingInitializeOnLoad (1ms)
			EditorAssembliesLoaded (0ms)
		ExecutionOrderSort2 (0ms)
		AwakeInstancesAfterBackupRestoration (3ms)
Asset Pipeline Refresh (id=3c1cdfd28ad9f4934b58abfafef04e75): Total: 1.050 seconds - Initiated by InitialRefreshV2(ForceSynchronousImport)
	Summary:
		Imports: total=0 (actual=0, local cache=0, cache server=0)
		Asset DB Process Time: managed=0 ms, native=294 ms
		Asset DB Callback time: managed=7 ms, native=2 ms
		Scripting: domain reloads=1, domain reload time=243 ms, compile time=498 ms, other=2 ms
		Project Asset Count: scripts=143, non-scripts=122
		Asset File Changes: new=0, changed=0, moved=0, deleted=0
		Scan Filter Count: 1
	InvokeCustomDependenciesCallbacks: 0.001ms
	InvokePackagesCallback: 3.129ms
	ApplyChangesToAssetFolders: 0.062ms
	Scan: 32.244ms
	OnSourceAssetsModified: 0.000ms
	CategorizeAssetsWithTransientArtifact: 0.631ms
	ProcessAssetsWithTransientArtifactChanges: 2.709ms
	CategorizeAssets: 0.930ms
	ImportOutOfDateAssets: 227.689ms (-270.797ms without children)
		CompileScripts: 498.179ms
		ReloadNativeAssets: 0.000ms
		UnloadImportedAssets: 0.164ms
		EnsureUptoDateAssetsAreRegisteredWithGuidPM: 0.028ms
		OnDemandSchedulerStart: 0.115ms
	PostProcessAllAssets: 7.822ms
	GatherAllCurrentPrimaryArtifactRevisions: 0.000ms
	UnloadStreamsBegin: 0.757ms
	PersistCurrentRevisions: 0.006ms
	UnloadStreamsEnd: 0.000ms
	GenerateScriptTypeHashes: 0.000ms
	Untracked: 774.052ms

Application.AssetDatabase Initial Refresh End
Scanning for USB devices : 0.243ms
Initializing Unity extensions:
[MODES] ModeService[none].Initialize
[MODES] ModeService[none].LoadModes
[MODES] Loading mode Default (0) for mode-current-id-KorenResourcePack-Unity
Unloading 3 Unused Serialized files (Serialized files now loaded: 0)
Unloading 368 unused Assets / (1.0 MB). Loaded Objects now: 1001.
Memory consumption went from 105.5 MB to 104.5 MB.
Total: 4.050500 ms (FindLiveObjects: 0.040250 ms CreateObjectMapping: 0.009875 ms MarkObjects: 3.572125 ms  DeleteObjects: 0.427959 ms)

Asset Pipeline Refresh (id=ab37469e64ee640dfa470cfb5c2d8735): Total: 0.008 seconds - Initiated by RefreshV2(NoUpdateAssetOptions)
Asset Pipeline Refresh (id=c64db0e414cf64c57beacc6c9559d7a2): Total: 0.006 seconds - Initiated by RefreshV2(NoUpdateAssetOptions)
Start importing Assets/Font/CookieRun Bold.ttf using Guid(71e63f716dc42415d89c41945c3a1afe) (TrueTypeFontImporter) -> (artifact id: '45b20084180ea891e90f7d7ce07c0d07') in 0.009695083 seconds
Start importing Assets/Font/Nostalgic Letter.ttf using Guid(43214297070204f209e503a9ed189cbd) (TrueTypeFontImporter) -> (artifact id: '84f7b712865dda66812ad77702854528') in 0.003390792 seconds
Start importing Assets/TextMesh Pro/Fonts/LiberationSans.ttf using Guid(e3265ab4bf004d28a9537516768c1c75) (TrueTypeFontImporter) -> (artifact id: 'f6eeb5eb2da53984d52eb47713930cc6') in 0.147670125 seconds
Start importing Assets/Font/Maplestory Bold.ttf using Guid(459c82bccc321429a82988b9b5647445) (TrueTypeFontImporter) -> (artifact id: 'b29eceabf02de115ca99aa04076dc335') in 4.153016375 seconds
Start importing Assets/Font/FiraCode-Regular.ttf using Guid(e5d88f74a9d9042fe9219e40c2019dde) (TrueTypeFontImporter) -> (artifact id: '9acbccba23879044cbe65ac50e080d02') in 0.001424459 seconds
Start importing Assets/Font/Super Mindset.ttf using Guid(d6e432fde9c9a46a49a9c60f13b943b0) (TrueTypeFontImporter) -> (artifact id: '556a040e7d49fd3f8ce6c6436d2e5ad5') in 0.000931209 seconds
Start importing Assets/Font/Darkella Demo.ttf using Guid(1b846ce6f9f3c451ab8e5d2ebb36775f) (TrueTypeFontImporter) -> (artifact id: '9dfeced0a71110cbcff802a2f75794c1') in 0.000766541 seconds
Start importing Assets/Font/ComicNeueSansID.ttf using Guid(dc85eb787ed354dd4a09e59e4aa9e816) (TrueTypeFontImporter) -> (artifact id: 'b54bf2de7f1b67a3ef592a238fd3621c') in 0.000786125 seconds
Start importing Assets/Font/JetBrainsMono-Regular.ttf using Guid(afe480ca9a9994bfe8c58149d5d2b4ab) (TrueTypeFontImporter) -> (artifact id: 'cfa9d32281ddcfc8d3af8e5e3e0a80cf') in 0.001594041 seconds
Start importing Assets/Font/Matcha Cih.ttf using Guid(cfa0af4e15e7c4420a150b0f9237ea84) (TrueTypeFontImporter) -> (artifact id: '71a32eb594c84e525470e1fa0332482b') in 0.00261975 seconds
Launching external process: /Applications/Unity/Hub/Editor/6000.3.10f1/Unity.app/Contents/Helpers/UnityShaderCompiler
Launched and connected shader compiler UnityShaderCompiler after 0.04 seconds
Refreshing native plugins compatible for Editor in 0.00 ms, found 0 plugins.
Preloading 0 native plugins for Editor in 0.00 ms.
Asset Pipeline Refresh (id=eeea3586a32484357a3792c2ad9c33b9): Total: 4.428 seconds - Initiated by RefreshV2(NoUpdateAssetOptions)
	Summary:
		Imports: total=40 (actual=10, local cache=30, cache server=0)
		Asset DB Process Time: managed=1 ms, native=4342 ms
		Asset DB Callback time: managed=18 ms, native=65 ms
		Scripting: domain reloads=0, domain reload time=0 ms, compile time=0 ms, other=0 ms
		Project Asset Count: scripts=143, non-scripts=122
		Asset File Changes: new=0, changed=0, moved=0, deleted=0
		Scan Filter Count: 1
	InvokeCustomDependenciesCallbacks: 0.000ms
	InvokePackagesCallback: 0.000ms
	ApplyChangesToAssetFolders: 0.023ms
	Scan: 14.508ms
	OnSourceAssetsModified: 0.000ms
	CategorizeAssetsWithTransientArtifact: 0.001ms
	ProcessAssetsWithTransientArtifactChanges: 0.005ms
	CategorizeAssets: 0.525ms
	ImportOutOfDateAssets: 4327.211ms (0.056ms without children)
		ImportManagerImport: 4324.105ms (0.680ms without children)
			ImportInProcess: 4323.378ms
			UpdateCategorizedAssets: 0.046ms
		ReloadNativeAssets: 0.000ms
		UnloadImportedAssets: 0.238ms
		ReloadImportedAssets: 2.665ms
		EnsureUptoDateAssetsAreRegisteredWithGuidPM: 0.020ms
		InitializingProgressBar: 0.003ms
		PostProcessAllAssetNotificationsAddChangedAssets: 0.001ms
		OnDemandSchedulerStart: 0.123ms
	PostProcessAllAssets: 83.738ms
	Hotreload: 0.291ms
	GatherAllCurrentPrimaryArtifactRevisions: 0.006ms
	UnloadStreamsBegin: 0.012ms
	PersistCurrentRevisions: 0.039ms
	UnloadStreamsEnd: 0.000ms
	Untracked: 1.295ms

Asset Pipeline Refresh (id=35e49f614c8204a66b54f44048d6a7ca): Total: 0.012 seconds - Initiated by RefreshV2(NoUpdateAssetOptions)

***Player size statistics***
Total compressed size 1.0 KB. Total uncompressed size 4.1 KB.
Start importing Assets/Font/CookieRun Bold.ttf using Guid(71e63f716dc42415d89c41945c3a1afe) (TrueTypeFontImporter) -> (artifact id: '50d01be85071201a2e81cbae9db5e696') in 0.003333417 seconds
Start importing Assets/Font/Nostalgic Letter.ttf using Guid(43214297070204f209e503a9ed189cbd) (TrueTypeFontImporter) -> (artifact id: '7463df3282eb624ec19714d85119b1f1') in 0.000875458 seconds
Start importing Assets/TextMesh Pro/Fonts/LiberationSans.ttf using Guid(e3265ab4bf004d28a9537516768c1c75) (TrueTypeFontImporter) -> (artifact id: '4c48a7b8507e42c5d5444c13575077e8') in 0.147280542 seconds
Start importing Assets/Font/Maplestory Bold.ttf using Guid(459c82bccc321429a82988b9b5647445) (TrueTypeFontImporter) -> (artifact id: 'a0172e5b3bcf5d43082568b693145f30') in 4.214246625 seconds
Start importing Assets/Font/FiraCode-Regular.ttf using Guid(e5d88f74a9d9042fe9219e40c2019dde) (TrueTypeFontImporter) -> (artifact id: '67ea127606ed6a9d3a9c77c461c23c7e') in 0.001430708 seconds
Start importing Assets/Font/Super Mindset.ttf using Guid(d6e432fde9c9a46a49a9c60f13b943b0) (TrueTypeFontImporter) -> (artifact id: 'cf89ffeafd64840247c473dc95894466') in 0.000623167 seconds
Start importing Assets/Font/Darkella Demo.ttf using Guid(1b846ce6f9f3c451ab8e5d2ebb36775f) (TrueTypeFontImporter) -> (artifact id: 'aa78a760293f5c61b856a41a20e8fb55') in 0.000380875 seconds
Start importing Assets/Font/ComicNeueSansID.ttf using Guid(dc85eb787ed354dd4a09e59e4aa9e816) (TrueTypeFontImporter) -> (artifact id: '6ff9ab20a10f0949f433a55198a700a0') in 0.000428083 seconds
Start importing Assets/Font/JetBrainsMono-Regular.ttf using Guid(afe480ca9a9994bfe8c58149d5d2b4ab) (TrueTypeFontImporter) -> (artifact id: '4d4e846cbc167de419c252886871e50d') in 0.000627333 seconds
Start importing Assets/Font/Matcha Cih.ttf using Guid(cfa0af4e15e7c4420a150b0f9237ea84) (TrueTypeFontImporter) -> (artifact id: '72dc52340d6674d7f7e0ff7a4da8c4fb') in 0.002272125 seconds
Refreshing native plugins compatible for Editor in 0.00 ms, found 0 plugins.
Preloading 0 native plugins for Editor in 0.00 ms.
Asset Pipeline Refresh (id=e61d1a1708620475fbb67c41e9035624): Total: 4.401 seconds - Initiated by RefreshV2(NoUpdateAssetOptions)
	Summary:
		Imports: total=40 (actual=10, local cache=30, cache server=0)
		Asset DB Process Time: managed=0 ms, native=4388 ms
		Asset DB Callback time: managed=1 ms, native=11 ms
		Scripting: domain reloads=0, domain reload time=0 ms, compile time=0 ms, other=0 ms
		Project Asset Count: scripts=143, non-scripts=122
		Asset File Changes: new=0, changed=0, moved=0, deleted=0
		Scan Filter Count: 1
	InvokeCustomDependenciesCallbacks: 0.001ms
	InvokePackagesCallback: 0.000ms
	ApplyChangesToAssetFolders: 0.027ms
	Scan: 10.329ms
	OnSourceAssetsModified: 0.000ms
	CategorizeAssetsWithTransientArtifact: 0.001ms
	ProcessAssetsWithTransientArtifactChanges: 0.005ms
	CategorizeAssets: 0.535ms
	ImportOutOfDateAssets: 4376.273ms (0.047ms without children)
		ImportManagerImport: 4373.135ms (0.305ms without children)
			ImportInProcess: 4372.784ms
			UpdateCategorizedAssets: 0.046ms
		ReloadNativeAssets: 0.000ms
		UnloadImportedAssets: 0.263ms
		ReloadImportedAssets: 2.692ms
		EnsureUptoDateAssetsAreRegisteredWithGuidPM: 0.020ms
		InitializingProgressBar: 0.003ms
		PostProcessAllAssetNotificationsAddChangedAssets: 0.001ms
		OnDemandSchedulerStart: 0.112ms
	PostProcessAllAssets: 12.757ms
	Hotreload: 0.197ms
	GatherAllCurrentPrimaryArtifactRevisions: 0.007ms
	UnloadStreamsBegin: 0.020ms
	PersistCurrentRevisions: 0.044ms
	UnloadStreamsEnd: 0.000ms
	Untracked: 1.179ms

Asset Pipeline Refresh (id=4e2c1a0188a654ceca11ae15659387d8): Total: 0.013 seconds - Initiated by RefreshV2(NoUpdateAssetOptions)
Asset Pipeline Refresh (id=7db6623ef817644799817838f5ecc5a2): Total: 0.006 seconds - Initiated by RefreshV2(NoUpdateAssetOptions)
Unloading 0 Unused Serialized files (Serialized files now loaded: 0)
Unloading 13 unused Assets / (7.0 KB). Loaded Objects now: 1081.
Memory consumption went from 112.9 MB to 112.9 MB.
Total: 3.635542 ms (FindLiveObjects: 0.030333 ms CreateObjectMapping: 0.006250 ms MarkObjects: 3.578417 ms  DeleteObjects: 0.020292 ms)


-------------------------------------------------------------------------------
Bundle Name: BuiltAssetBundles
Compressed Size:1.0 kb
Uncompressed usage by category (Percentages based on user generated assets only):
Textures               0.0 kb	 0.0% 
Meshes                 0.0 kb	 0.0% 
Animations             0.0 kb	 0.0% 
Sounds                 0.0 kb	 0.0% 
Shaders                0.0 kb	 0.0% 
Other Assets           0.2 kb	 4.6% 
Levels                 0.0 kb	 0.0% 
File headers           3.9 kb	 95.4% 
Total User Assets      4.1 kb	 100.0% 
Complete build size    4.1 kb
Used Assets and files from the Resources folder, sorted by uncompressed size:
 0.1 kb	 2.5% AssetBundle Object
 0.1 kb	 2.2% Built-in AssetBundleManifest: AssetBundleManifest
-------------------------------------------------------------------------------
[KorenResourcePack] Windows (→ BuiltAssetBundles/): **korenresourcepackbundle** → /Users/koren/Documents/KorenResourcePack/KorenResourcePack-Unity/BuiltAssetBundles/korenresourcepackbundle (10770515 bytes)
UnityEngine.Debug:ExtractStackTraceNoAlloc (byte*,int,string)
UnityEngine.StackTraceUtility:ExtractStackTrace () (at /Users/bokken/build/output/unity/unity/Runtime/Export/Scripting/StackTrace.cs:35)
UnityEngine.DebugLogHandler:Internal_Log (UnityEngine.LogType,UnityEngine.LogOption,string,UnityEngine.Object)
UnityEngine.DebugLogHandler:LogFormat (UnityEngine.LogType,UnityEngine.Object,string,object[])
UnityEngine.Logger:Log (UnityEngine.LogType,object)
UnityEngine.Debug:Log (object)
CreateAssetBundle:LogBundleOutput (string,string) (at Assets/Editor/CreateAssetBundles.cs:188)
CreateAssetBundle:TryBuildForTarget (string,UnityEditor.BuildTarget,string) (at Assets/Editor/CreateAssetBundles.cs:172)
CreateAssetBundle:BuildAllAssetBundles () (at Assets/Editor/CreateAssetBundles.cs:82)

(Filename: Assets/Editor/CreateAssetBundles.cs Line: 188)

Start importing Assets/Font/CookieRun Bold.ttf using Guid(71e63f716dc42415d89c41945c3a1afe) (TrueTypeFontImporter) -> (artifact id: 'e498474d896ca6bcc6ee9615dfe847d6') in 0.003402375 seconds
Start importing Assets/Font/Nostalgic Letter.ttf using Guid(43214297070204f209e503a9ed189cbd) (TrueTypeFontImporter) -> (artifact id: 'e7c6c4dcb388a90b1361c28fb88e5458') in 0.002714667 seconds
Start importing Assets/TextMesh Pro/Fonts/LiberationSans.ttf using Guid(e3265ab4bf004d28a9537516768c1c75) (TrueTypeFontImporter) -> (artifact id: '0123cf747f4d3dc07a5e8149b1b38be4') in 0.147538042 seconds
Start importing Assets/Font/Maplestory Bold.ttf using Guid(459c82bccc321429a82988b9b5647445) (TrueTypeFontImporter) -> (artifact id: '172b6e4f7bbc19b1e59d90306e6b400b') in 4.213095459 seconds
Start importing Assets/Font/FiraCode-Regular.ttf using Guid(e5d88f74a9d9042fe9219e40c2019dde) (TrueTypeFontImporter) -> (artifact id: '29f3517543a0cd465fb3f90a42703e79') in 0.001005208 seconds
Start importing Assets/Font/Super Mindset.ttf using Guid(d6e432fde9c9a46a49a9c60f13b943b0) (TrueTypeFontImporter) -> (artifact id: '4448b5a18c847d57f26be2ca16d32bf1') in 0.000636667 seconds
Start importing Assets/Font/Darkella Demo.ttf using Guid(1b846ce6f9f3c451ab8e5d2ebb36775f) (TrueTypeFontImporter) -> (artifact id: 'a5d03d118f7324e630cc448c788d5d7a') in 0.000379959 seconds
Start importing Assets/Font/ComicNeueSansID.ttf using Guid(dc85eb787ed354dd4a09e59e4aa9e816) (TrueTypeFontImporter) -> (artifact id: 'fa1dc06709d17224b4fb892e9b9e1966') in 0.000469875 seconds
Start importing Assets/Font/JetBrainsMono-Regular.ttf using Guid(afe480ca9a9994bfe8c58149d5d2b4ab) (TrueTypeFontImporter) -> (artifact id: 'fda0acc900953571b35eb17d7ea54405') in 0.000733125 seconds
Start importing Assets/Font/Matcha Cih.ttf using Guid(cfa0af4e15e7c4420a150b0f9237ea84) (TrueTypeFontImporter) -> (artifact id: '8dbe4421a5621bab1160b148096aa7d9') in 0.002262041 seconds
Refreshing native plugins compatible for Editor in 0.00 ms, found 0 plugins.
Preloading 0 native plugins for Editor in 0.00 ms.
Asset Pipeline Refresh (id=febef4d7c3113498d81fc23d6058de4b): Total: 4.400 seconds - Initiated by RefreshV2(NoUpdateAssetOptions)
	Summary:
		Imports: total=40 (actual=10, local cache=30, cache server=0)
		Asset DB Process Time: managed=0 ms, native=4388 ms
		Asset DB Callback time: managed=0 ms, native=10 ms
		Scripting: domain reloads=0, domain reload time=0 ms, compile time=0 ms, other=0 ms
		Project Asset Count: scripts=143, non-scripts=122
		Asset File Changes: new=0, changed=0, moved=0, deleted=0
		Scan Filter Count: 1
	InvokeCustomDependenciesCallbacks: 0.000ms
	InvokePackagesCallback: 0.000ms
	ApplyChangesToAssetFolders: 0.027ms
	Scan: 9.874ms
	OnSourceAssetsModified: 0.000ms
	CategorizeAssetsWithTransientArtifact: 0.001ms
	ProcessAssetsWithTransientArtifactChanges: 0.008ms
	CategorizeAssets: 0.503ms
	ImportOutOfDateAssets: 4376.966ms (0.056ms without children)
		ImportManagerImport: 4373.890ms (0.245ms without children)
			ImportInProcess: 4373.599ms
			UpdateCategorizedAssets: 0.046ms
		ReloadNativeAssets: 0.000ms
		UnloadImportedAssets: 0.292ms
		ReloadImportedAssets: 2.589ms
		EnsureUptoDateAssetsAreRegisteredWithGuidPM: 0.023ms
		InitializingProgressBar: 0.003ms
		PostProcessAllAssetNotificationsAddChangedAssets: 0.001ms
		OnDemandSchedulerStart: 0.112ms
	PostProcessAllAssets: 11.150ms
	Hotreload: 0.195ms
	GatherAllCurrentPrimaryArtifactRevisions: 0.006ms
	UnloadStreamsBegin: 0.013ms
	PersistCurrentRevisions: 0.042ms
	UnloadStreamsEnd: 0.000ms
	Untracked: 1.316ms

Asset Pipeline Refresh (id=15113d2c31ce44b90af1a4b507a736d8): Total: 0.013 seconds - Initiated by RefreshV2(NoUpdateAssetOptions)

***Player size statistics***
Total compressed size 1.0 KB. Total uncompressed size 4.1 KB.
Start importing Assets/Font/CookieRun Bold.ttf using Guid(71e63f716dc42415d89c41945c3a1afe) (TrueTypeFontImporter) -> (artifact id: '50d01be85071201a2e81cbae9db5e696') in 0.003537958 seconds
Start importing Assets/Font/Nostalgic Letter.ttf using Guid(43214297070204f209e503a9ed189cbd) (TrueTypeFontImporter) -> (artifact id: '7463df3282eb624ec19714d85119b1f1') in 0.000549791 seconds
Start importing Assets/TextMesh Pro/Fonts/LiberationSans.ttf using Guid(e3265ab4bf004d28a9537516768c1c75) (TrueTypeFontImporter) -> (artifact id: '4c48a7b8507e42c5d5444c13575077e8') in 0.146963917 seconds
Start importing Assets/Font/Maplestory Bold.ttf using Guid(459c82bccc321429a82988b9b5647445) (TrueTypeFontImporter) -> (artifact id: 'a0172e5b3bcf5d43082568b693145f30') in 4.208794458 seconds
Start importing Assets/Font/FiraCode-Regular.ttf using Guid(e5d88f74a9d9042fe9219e40c2019dde) (TrueTypeFontImporter) -> (artifact id: '67ea127606ed6a9d3a9c77c461c23c7e') in 0.000870709 seconds
Start importing Assets/Font/Super Mindset.ttf using Guid(d6e432fde9c9a46a49a9c60f13b943b0) (TrueTypeFontImporter) -> (artifact id: 'cf89ffeafd64840247c473dc95894466') in 0.000504291 seconds
Start importing Assets/Font/Darkella Demo.ttf using Guid(1b846ce6f9f3c451ab8e5d2ebb36775f) (TrueTypeFontImporter) -> (artifact id: 'aa78a760293f5c61b856a41a20e8fb55') in 0.000536792 seconds
Start importing Assets/Font/ComicNeueSansID.ttf using Guid(dc85eb787ed354dd4a09e59e4aa9e816) (TrueTypeFontImporter) -> (artifact id: '6ff9ab20a10f0949f433a55198a700a0') in 0.000441375 seconds
Start importing Assets/Font/JetBrainsMono-Regular.ttf using Guid(afe480ca9a9994bfe8c58149d5d2b4ab) (TrueTypeFontImporter) -> (artifact id: '4d4e846cbc167de419c252886871e50d') in 0.000500334 seconds
Start importing Assets/Font/Matcha Cih.ttf using Guid(cfa0af4e15e7c4420a150b0f9237ea84) (TrueTypeFontImporter) -> (artifact id: '72dc52340d6674d7f7e0ff7a4da8c4fb') in 0.002193208 seconds
Refreshing native plugins compatible for Editor in 0.00 ms, found 0 plugins.
Preloading 0 native plugins for Editor in 0.00 ms.
Asset Pipeline Refresh (id=bd4bfd55f4c394741b8799e055a43bb3): Total: 4.394 seconds - Initiated by RefreshV2(NoUpdateAssetOptions)
	Summary:
		Imports: total=40 (actual=10, local cache=30, cache server=0)
		Asset DB Process Time: managed=0 ms, native=4382 ms
		Asset DB Callback time: managed=0 ms, native=10 ms
		Scripting: domain reloads=0, domain reload time=0 ms, compile time=0 ms, other=0 ms
		Project Asset Count: scripts=143, non-scripts=122
		Asset File Changes: new=0, changed=0, moved=0, deleted=0
		Scan Filter Count: 1
	InvokeCustomDependenciesCallbacks: 0.000ms
	InvokePackagesCallback: 0.000ms
	ApplyChangesToAssetFolders: 0.025ms
	Scan: 10.879ms
	OnSourceAssetsModified: 0.000ms
	CategorizeAssetsWithTransientArtifact: 0.001ms
	ProcessAssetsWithTransientArtifactChanges: 0.005ms
	CategorizeAssets: 0.590ms
	ImportOutOfDateAssets: 4369.382ms (0.043ms without children)
		ImportManagerImport: 4366.369ms (0.252ms without children)
			ImportInProcess: 4366.090ms
			UpdateCategorizedAssets: 0.027ms
		ReloadNativeAssets: 0.000ms
		UnloadImportedAssets: 0.278ms
		ReloadImportedAssets: 2.564ms
		EnsureUptoDateAssetsAreRegisteredWithGuidPM: 0.021ms
		InitializingProgressBar: 0.003ms
		PostProcessAllAssetNotificationsAddChangedAssets: 0.001ms
		OnDemandSchedulerStart: 0.103ms
	PostProcessAllAssets: 11.091ms
	Hotreload: 0.193ms
	GatherAllCurrentPrimaryArtifactRevisions: 0.006ms
	UnloadStreamsBegin: 0.010ms
	PersistCurrentRevisions: 0.038ms
	UnloadStreamsEnd: 0.000ms
	Untracked: 1.434ms

Asset Pipeline Refresh (id=52f28b1bfbf1a4abf90da60dd63d5f61): Total: 0.013 seconds - Initiated by RefreshV2(NoUpdateAssetOptions)
Unloading 0 Unused Serialized files (Serialized files now loaded: 0)
Unloading 5 unused Assets / (0.8 KB). Loaded Objects now: 1121.
Memory consumption went from 126.0 MB to 126.0 MB.
Total: 3.616250 ms (FindLiveObjects: 0.026667 ms CreateObjectMapping: 0.006416 ms MarkObjects: 3.569000 ms  DeleteObjects: 0.014000 ms)


-------------------------------------------------------------------------------
Bundle Name: Linux
Compressed Size:1.0 kb
Uncompressed usage by category (Percentages based on user generated assets only):
Textures               0.0 kb	 0.0% 
Meshes                 0.0 kb	 0.0% 
Animations             0.0 kb	 0.0% 
Sounds                 0.0 kb	 0.0% 
Shaders                0.0 kb	 0.0% 
Other Assets           0.2 kb	 4.6% 
Levels                 0.0 kb	 0.0% 
File headers           3.9 kb	 95.4% 
Total User Assets      4.1 kb	 100.0% 
Complete build size    4.1 kb
Used Assets and files from the Resources folder, sorted by uncompressed size:
 0.1 kb	 2.5% AssetBundle Object
 0.1 kb	 2.2% Built-in AssetBundleManifest: AssetBundleManifest
-------------------------------------------------------------------------------
[KorenResourcePack] Linux (→ BuiltAssetBundles/Linux/): **korenresourcepackbundle** → /Users/koren/Documents/KorenResourcePack/KorenResourcePack-Unity/BuiltAssetBundles/Linux/korenresourcepackbundle (10778229 bytes)
UnityEngine.Debug:ExtractStackTraceNoAlloc (byte*,int,string)
UnityEngine.StackTraceUtility:ExtractStackTrace () (at /Users/bokken/build/output/unity/unity/Runtime/Export/Scripting/StackTrace.cs:35)
UnityEngine.DebugLogHandler:Internal_Log (UnityEngine.LogType,UnityEngine.LogOption,string,UnityEngine.Object)
UnityEngine.DebugLogHandler:LogFormat (UnityEngine.LogType,UnityEngine.Object,string,object[])
UnityEngine.Logger:Log (UnityEngine.LogType,object)
UnityEngine.Debug:Log (object)
CreateAssetBundle:LogBundleOutput (string,string) (at Assets/Editor/CreateAssetBundles.cs:188)
CreateAssetBundle:TryBuildForTarget (string,UnityEditor.BuildTarget,string) (at Assets/Editor/CreateAssetBundles.cs:172)
CreateAssetBundle:BuildAllAssetBundles () (at Assets/Editor/CreateAssetBundles.cs:85)

(Filename: Assets/Editor/CreateAssetBundles.cs Line: 188)


***Player size statistics***
Total compressed size 1.0 KB. Total uncompressed size 4.1 KB.
Unloading 0 Unused Serialized files (Serialized files now loaded: 0)
Unloading 4 unused Assets / (0 B). Loaded Objects now: 1121.
Memory consumption went from 126.0 MB to 126.0 MB.
Total: 3.465458 ms (FindLiveObjects: 0.026750 ms CreateObjectMapping: 0.006291 ms MarkObjects: 3.422792 ms  DeleteObjects: 0.009333 ms)


-------------------------------------------------------------------------------
Bundle Name: Mac
Compressed Size:1.0 kb
Uncompressed usage by category (Percentages based on user generated assets only):
Textures               0.0 kb	 0.0% 
Meshes                 0.0 kb	 0.0% 
Animations             0.0 kb	 0.0% 
Sounds                 0.0 kb	 0.0% 
Shaders                0.0 kb	 0.0% 
Other Assets           0.2 kb	 4.6% 
Levels                 0.0 kb	 0.0% 
File headers           3.9 kb	 95.4% 
Total User Assets      4.1 kb	 100.0% 
Complete build size    4.1 kb
Used Assets and files from the Resources folder, sorted by uncompressed size:
 0.1 kb	 2.5% AssetBundle Object
 0.1 kb	 2.2% Built-in AssetBundleManifest: AssetBundleManifest
-------------------------------------------------------------------------------
[KorenResourcePack] macOS (→ BuiltAssetBundles/Mac/): **korenresourcepackbundle** → /Users/koren/Documents/KorenResourcePack/KorenResourcePack-Unity/BuiltAssetBundles/Mac/korenresourcepackbundle (10770224 bytes)
UnityEngine.Debug:ExtractStackTraceNoAlloc (byte*,int,string)
UnityEngine.StackTraceUtility:ExtractStackTrace () (at /Users/bokken/build/output/unity/unity/Runtime/Export/Scripting/StackTrace.cs:35)
UnityEngine.DebugLogHandler:Internal_Log (UnityEngine.LogType,UnityEngine.LogOption,string,UnityEngine.Object)
UnityEngine.DebugLogHandler:LogFormat (UnityEngine.LogType,UnityEngine.Object,string,object[])
UnityEngine.Logger:Log (UnityEngine.LogType,object)
UnityEngine.Debug:Log (object)
CreateAssetBundle:LogBundleOutput (string,string) (at Assets/Editor/CreateAssetBundles.cs:188)
CreateAssetBundle:TryBuildForTarget (string,UnityEditor.BuildTarget,string) (at Assets/Editor/CreateAssetBundles.cs:172)
CreateAssetBundle:BuildAllAssetBundles () (at Assets/Editor/CreateAssetBundles.cs:88)

(Filename: Assets/Editor/CreateAssetBundles.cs Line: 188)

[KorenResourcePack] Done. Copy **BuiltAssetBundles/korenresourcepackbundle** to the mod **Bundles/** folder; put Linux/Mac copies under **Bundles/Linux/** and **Bundles/Mac/** (see BundleLoader).
UnityEngine.Debug:ExtractStackTraceNoAlloc (byte*,int,string)
UnityEngine.StackTraceUtility:ExtractStackTrace () (at /Users/bokken/build/output/unity/unity/Runtime/Export/Scripting/StackTrace.cs:35)
UnityEngine.DebugLogHandler:Internal_Log (UnityEngine.LogType,UnityEngine.LogOption,string,UnityEngine.Object)
UnityEngine.DebugLogHandler:LogFormat (UnityEngine.LogType,UnityEngine.Object,string,object[])
UnityEngine.Logger:Log (UnityEngine.LogType,object)
UnityEngine.Debug:Log (object)
CreateAssetBundle:BuildAllAssetBundles () (at Assets/Editor/CreateAssetBundles.cs:99)

(Filename: Assets/Editor/CreateAssetBundles.cs Line: 99)

Batchmode quit successfully invoked - shutting down!
Thread 0x16feb7000 may have been prematurely finalized
Input System module state changed to: ShutdownInProgress.
Input System polling thread exited.
Input System module state changed to: Shutdown.
[Physics::Module] Cleanup current backend.
[Physics::Module] Id: 0xf2b8ea05
[Licensing::IpcConnector] LicenseClient-koren-notifications channel disconnected successfully.
[Licensing::IpcConnector] LicenseClient-koren channel disconnected successfully.
Thread 0x16c2e3000 may have been prematurely finalized
Thread 0x16c36f000 may have been prematurely finalized
AcceleratorClientConnectionCallback - disconnected - :0
[40m[32minfo[39m[22m[49m: Microsoft.Hosting.Lifetime[0]
      Application is shutting down...
Cleanup mono
debugger-agent: Unable to listen on 43
Exiting batchmode successfully now!
[Package Manager] Server process was shutdown
